++++ info: using Makefile.pdlibbuilder version 0.4.4
++++ info: using Pd API /usr/include/pd/m_pd.h
++++ info: making target all in lib rtcmix~
++++ info: evaluating implicit prerequisites in lib rtcmix~.....
++++ info: making rtcmix~.o in lib rtcmix~
gcc -DPD -I "/usr/include/pd" -DUNIX  -fPIC  -Wall -Wextra -Wshadow -Winline -Wstrict-aliasing -O3 -ffast-math -funroll-loops -fomit-frame-pointer -march=core2 -mfpmath=sse -msse -msse2 -msse3 -o rtcmix~.o -c rtcmix~.c
rtcmix~.c: In function ‘rtcmix_tilde_new’:
rtcmix~.c:66:22: error: incompatible types when assigning to type ‘t_symbol {aka struct _symbol}’ from type ‘void *’
         x->libfolder = malloc(MAXPDSTRING);
                      ^
rtcmix~.c:67:23: error: incompatible types when assigning to type ‘t_symbol {aka struct _symbol}’ from type ‘void *’
         x->tempfolder = malloc(MAXPDSTRING);
                       ^
rtcmix~.c:68:17: error: incompatible type for argument 1 of ‘sprintf’
         sprintf(x->libfolder,"%s/lib", rtcmix_tilde_class->c_externdir->s_name);
                 ^
In file included from /usr/include/features.h:364:0,
                 from /usr/include/stdint.h:25,
                 from /usr/lib/gcc/x86_64-linux-gnu/6/include/stdint.h:9,
                 from /usr/include/pd/m_pd.h:75,
                 from rtcmix~.c:1:
/usr/include/x86_64-linux-gnu/bits/stdio2.h:31:1: note: expected ‘char * restrict’ but argument is of type ‘t_symbol {aka struct _symbol}’
 __NTH (sprintf (char *__restrict __s, const char *__restrict __fmt, ...))
 ^
rtcmix~.c:71:17: error: incompatible type for argument 1 of ‘sprintf’
         sprintf(x->tempfolder,"/tmp/RTcmix_XXXXXX");
                 ^
In file included from /usr/include/features.h:364:0,
                 from /usr/include/stdint.h:25,
                 from /usr/lib/gcc/x86_64-linux-gnu/6/include/stdint.h:9,
                 from /usr/include/pd/m_pd.h:75,
                 from rtcmix~.c:1:
/usr/include/x86_64-linux-gnu/bits/stdio2.h:31:1: note: expected ‘char * restrict’ but argument is of type ‘t_symbol {aka struct _symbol}’
 __NTH (sprintf (char *__restrict __s, const char *__restrict __fmt, ...))
 ^
rtcmix~.c:73:43: error: incompatible type for argument 1 of ‘mkdtemp’
         void* pointless_pointer = mkdtemp(x->tempfolder);
                                           ^
In file included from rtcmix~.c:8:0:
/usr/include/stdlib.h:623:14: note: expected ‘char *’ but argument is of type ‘t_symbol {aka struct _symbol}’
 extern char *mkdtemp (char *__template) __THROW __nonnull ((1)) __wur;
              ^~~~~~~
rtcmix~.c:76:18: error: incompatible types when assigning to type ‘t_symbol {aka struct _symbol}’ from type ‘void *’
         x->dylib = malloc(MAXPDSTRING);
                  ^
rtcmix~.c:78:29: warning: format ‘%s’ expects argument of type ‘char *’, but argument 3 has type ‘t_symbol {aka struct _symbol}’ [-Wformat=]
         sprintf(template, "%s/RTcmix_dylib_XXXXXX", x->tempfolder);
                             ^
rtcmix~.c:80:17: error: incompatible type for argument 1 of ‘sprintf’
         sprintf(x->dylib,"%s", template);
                 ^
In file included from /usr/include/features.h:364:0,
                 from /usr/include/stdint.h:25,
                 from /usr/lib/gcc/x86_64-linux-gnu/6/include/stdint.h:9,
                 from /usr/include/pd/m_pd.h:75,
                 from rtcmix~.c:1:
/usr/include/x86_64-linux-gnu/bits/stdio2.h:31:1: note: expected ‘char * restrict’ but argument is of type ‘t_symbol {aka struct _symbol}’
 __NTH (sprintf (char *__restrict __s, const char *__restrict __fmt, ...))
 ^
rtcmix~.c:83:38: warning: format ‘%s’ expects argument of type ‘char *’, but argument 3 has type ‘t_symbol {aka struct _symbol}’ [-Wformat=]
         sprintf(sys_cmd, "chmod 766 %s", x->tempfolder);
                                      ^
rtcmix~.c:85:63: warning: format ‘%s’ expects argument of type ‘char *’, but argument 2 has type ‘t_symbol {aka struct _symbol}’ [-Wformat=]
                 error ("rtcmix~: error setting temp folder \"%s\" permissions.", x->tempfolder);
                                                               ^
rtcmix~.c:86:31: warning: format ‘%s’ expects argument of type ‘char *’, but argument 3 has type ‘t_symbol {aka struct _symbol}’ [-Wformat=]
         sprintf(sys_cmd, "cp %s/%s %s", x->libfolder, DYLIBNAME, x->dylib);
                               ^
rtcmix~.c:86:37: warning: format ‘%s’ expects argument of type ‘char *’, but argument 5 has type ‘t_symbol {aka struct _symbol}’ [-Wformat=]
         sprintf(sys_cmd, "cp %s/%s %s", x->libfolder, DYLIBNAME, x->dylib);
                                     ^
rtcmix~.c:90:23: error: incompatible types when assigning to type ‘t_symbol {aka struct _symbol}’ from type ‘void *’
         x->editorpath = malloc(MAXPDSTRING);
                       ^
rtcmix~.c:94:17: error: incompatible type for argument 1 of ‘sprintf’
         sprintf(x->editorpath, "tclsh \"%s/%s\"", x->libfolder, "tedit");
                 ^
In file included from /usr/include/features.h:364:0,
                 from /usr/include/stdint.h:25,
                 from /usr/lib/gcc/x86_64-linux-gnu/6/include/stdint.h:9,
                 from /usr/include/pd/m_pd.h:75,
                 from rtcmix~.c:1:
/usr/include/x86_64-linux-gnu/bits/stdio2.h:31:1: note: expected ‘char * restrict’ but argument is of type ‘t_symbol {aka struct _symbol}’
 __NTH (sprintf (char *__restrict __s, const char *__restrict __fmt, ...))
 ^
rtcmix~.c:179:33: error: incompatible types when assigning to type ‘t_symbol {aka struct _symbol}’ from type ‘void *’
                 x->var_array[i] = malloc (MAXPDSTRING);
                                 ^
rtcmix~.c:180:25: error: incompatible type for argument 1 of ‘sprintf’
                 sprintf(x->var_array[i], "%g", 0.);
                         ^
In file included from /usr/include/features.h:364:0,
                 from /usr/include/stdint.h:25,
                 from /usr/lib/gcc/x86_64-linux-gnu/6/include/stdint.h:9,
                 from /usr/include/pd/m_pd.h:75,
                 from rtcmix~.c:1:
/usr/include/x86_64-linux-gnu/bits/stdio2.h:31:1: note: expected ‘char * restrict’ but argument is of type ‘t_symbol {aka struct _symbol}’
 __NTH (sprintf (char *__restrict __s, const char *__restrict __fmt, ...))
 ^
rtcmix~.c:200:37: error: incompatible types when assigning to type ‘t_symbol {aka struct _symbol}’ from type ‘void *’
                 x->rtcmix_script[i] = malloc(MAXSCRIPTSIZE);
                                     ^
rtcmix~.c:201:35: error: incompatible types when assigning to type ‘t_symbol {aka struct _symbol}’ from type ‘void *’
                 x->script_path[i] = malloc(MAXPDSTRING);
                                   ^
rtcmix~.c:202:25: error: incompatible type for argument 1 of ‘sprintf’
                 sprintf(x->script_path[i],"%s/%s%i.%s",x->tempfolder, TEMPFILENAME, i, SCOREEXTENSION);
                         ^
In file included from /usr/include/features.h:364:0,
                 from /usr/include/stdint.h:25,
                 from /usr/lib/gcc/x86_64-linux-gnu/6/include/stdint.h:9,
                 from /usr/include/pd/m_pd.h:75,
                 from rtcmix~.c:1:
/usr/include/x86_64-linux-gnu/bits/stdio2.h:31:1: note: expected ‘char * restrict’ but argument is of type ‘t_symbol {aka struct _symbol}’
 __NTH (sprintf (char *__restrict __s, const char *__restrict __fmt, ...))
 ^
rtcmix~.c:217:25: error: incompatible type for argument 1 of ‘sprintf’
                 sprintf(x->script_path[x->current_script], "%s", fullpath);
                         ^
In file included from /usr/include/features.h:364:0,
                 from /usr/include/stdint.h:25,
                 from /usr/lib/gcc/x86_64-linux-gnu/6/include/stdint.h:9,
                 from /usr/include/pd/m_pd.h:75,
                 from rtcmix~.c:1:
/usr/include/x86_64-linux-gnu/bits/stdio2.h:31:1: note: expected ‘char * restrict’ but argument is of type ‘t_symbol {aka struct _symbol}’
 __NTH (sprintf (char *__restrict __s, const char *__restrict __fmt, ...))
 ^
rtcmix~.c:220:32: error: incompatible type for argument 2 of ‘rtcmix_read’
                 rtcmix_read(x, fullpath);
                                ^~~~~~~~
In file included from rtcmix~.c:3:0:
rtcmix~.h:176:6: note: expected ‘t_symbol {aka struct _symbol}’ but argument is of type ‘char *’
 void rtcmix_read(t_rtcmix_tilde *x, t_symbol fn);
      ^~~~~~~~~~~
rtcmix~.c: In function ‘rtcmix_tilde_dsp’:
rtcmix~.c:254:36: warning: passing argument 1 of ‘x->RTcmix_setPrintCallback’ from incompatible pointer type [-Wincompatible-pointer-types]
         x->RTcmix_setPrintCallback(rtcmix_printcallback, x);
                                    ^~~~~~~~~~~~~~~~~~~~
rtcmix~.c:254:36: note: expected ‘RTcmixPrintCallback {aka void (*)(const struct _symbol,  void *)}’ but argument is of type ‘void (*)(const char *, void *)’
rtcmix~.c: In function ‘rtcmix_tilde_free’:
rtcmix~.c:331:14: error: incompatible type for argument 1 of ‘free’
         free(x->tempfolder);
              ^
In file included from rtcmix~.c:8:0:
/usr/include/stdlib.h:444:13: note: expected ‘void *’ but argument is of type ‘t_symbol {aka struct _symbol}’
 extern void free (void *__ptr) __THROW;
             ^~~~
rtcmix~.c:335:22: error: incompatible type for argument 1 of ‘free’
                 free(x->var_array[i]);
                      ^
In file included from rtcmix~.c:8:0:
/usr/include/stdlib.h:444:13: note: expected ‘void *’ but argument is of type ‘t_symbol {aka struct _symbol}’
 extern void free (void *__ptr) __THROW;
             ^~~~
rtcmix~.c:338:14: error: incompatible type for argument 1 of ‘free’
         free(x->editorpath);
              ^
In file included from rtcmix~.c:8:0:
/usr/include/stdlib.h:444:13: note: expected ‘void *’ but argument is of type ‘t_symbol {aka struct _symbol}’
 extern void free (void *__ptr) __THROW;
             ^~~~
rtcmix~.c:342:22: error: incompatible type for argument 1 of ‘free’
                 free(x->rtcmix_script[i]);
                      ^
In file included from rtcmix~.c:8:0:
/usr/include/stdlib.h:444:13: note: expected ‘void *’ but argument is of type ‘t_symbol {aka struct _symbol}’
 extern void free (void *__ptr) __THROW;
             ^~~~
rtcmix~.c:343:22: error: incompatible type for argument 1 of ‘free’
                 free(x->script_path[i]);
                      ^
In file included from rtcmix~.c:8:0:
/usr/include/stdlib.h:444:13: note: expected ‘void *’ but argument is of type ‘t_symbol {aka struct _symbol}’
 extern void free (void *__ptr) __THROW;
             ^~~~
rtcmix~.c:363:26: error: incompatible types when assigning to type ‘t_symbol {aka struct _symbol}’ from type ‘void *’
                 x->dylib = NULL;
                          ^
rtcmix~.c: In function ‘rtcmix_var’:
rtcmix~.c:394:33: error: incompatible type for argument 1 of ‘sprintf’
                         sprintf(x->var_array[varnum-1], "%s", argv[i+1].a_w.w_symbol->s_name);
                                 ^
In file included from /usr/include/features.h:364:0,
                 from /usr/include/stdint.h:25,
                 from /usr/lib/gcc/x86_64-linux-gnu/6/include/stdint.h:9,
                 from /usr/include/pd/m_pd.h:75,
                 from rtcmix~.c:1:
/usr/include/x86_64-linux-gnu/bits/stdio2.h:31:1: note: expected ‘char * restrict’ but argument is of type ‘t_symbol {aka struct _symbol}’
 __NTH (sprintf (char *__restrict __s, const char *__restrict __fmt, ...))
 ^
rtcmix~.c:396:33: error: incompatible type for argument 1 of ‘sprintf’
                         sprintf(x->var_array[varnum-1], "%g", argv[i+1].a_w.w_float);
                                 ^
In file included from /usr/include/features.h:364:0,
                 from /usr/include/stdint.h:25,
                 from /usr/lib/gcc/x86_64-linux-gnu/6/include/stdint.h:9,
                 from /usr/include/pd/m_pd.h:75,
                 from rtcmix~.c:1:
/usr/include/x86_64-linux-gnu/bits/stdio2.h:31:1: note: expected ‘char * restrict’ but argument is of type ‘t_symbol {aka struct _symbol}’
 __NTH (sprintf (char *__restrict __s, const char *__restrict __fmt, ...))
 ^
rtcmix~.c: In function ‘rtcmix_varlist’:
rtcmix~.c:425:33: error: incompatible type for argument 1 of ‘sprintf’
                         sprintf(x->var_array[i], "%s", argv[i].a_w.w_symbol->s_name);
                                 ^
In file included from /usr/include/features.h:364:0,
                 from /usr/include/stdint.h:25,
                 from /usr/lib/gcc/x86_64-linux-gnu/6/include/stdint.h:9,
                 from /usr/include/pd/m_pd.h:75,
                 from rtcmix~.c:1:
/usr/include/x86_64-linux-gnu/bits/stdio2.h:31:1: note: expected ‘char * restrict’ but argument is of type ‘t_symbol {aka struct _symbol}’
 __NTH (sprintf (char *__restrict __s, const char *__restrict __fmt, ...))
 ^
rtcmix~.c:427:33: error: incompatible type for argument 1 of ‘sprintf’
                         sprintf(x->var_array[i], "%g", argv[i].a_w.w_float);
                                 ^
In file included from /usr/include/features.h:364:0,
                 from /usr/include/stdint.h:25,
                 from /usr/lib/gcc/x86_64-linux-gnu/6/include/stdint.h:9,
                 from /usr/include/pd/m_pd.h:75,
                 from rtcmix~.c:1:
/usr/include/x86_64-linux-gnu/bits/stdio2.h:31:1: note: expected ‘char * restrict’ but argument is of type ‘t_symbol {aka struct _symbol}’
 __NTH (sprintf (char *__restrict __s, const char *__restrict __fmt, ...))
 ^
rtcmix~.c: In function ‘rtcmix_tilde_bang’:
rtcmix~.c:463:79: error: incompatible type for argument 1 of ‘strlen’
         else x->RTcmix_parseScore(x->rtcmix_script[x->current_script], strlen(x->rtcmix_script[x->current_script]));
                                                                               ^
In file included from rtcmix~.c:5:0:
/usr/include/string.h:394:15: note: expected ‘const char *’ but argument is of type ‘t_symbol {aka struct _symbol}’
 extern size_t strlen (const char *__s)
               ^~~~~~
rtcmix~.c: In function ‘rtcmix_editor’:
rtcmix~.c:496:45: error: incompatible type for argument 1 of ‘sprintf’
         if (0==strcmp(str,"tedit")) sprintf(x->editorpath, "\"%s/%s\"", x->libfolder, "tedit");
                                             ^
In file included from /usr/include/features.h:364:0,
                 from /usr/include/stdint.h:25,
                 from /usr/lib/gcc/x86_64-linux-gnu/6/include/stdint.h:9,
                 from /usr/include/pd/m_pd.h:75,
                 from rtcmix~.c:1:
/usr/include/x86_64-linux-gnu/bits/stdio2.h:31:1: note: expected ‘char * restrict’ but argument is of type ‘t_symbol {aka struct _symbol}’
 __NTH (sprintf (char *__restrict __s, const char *__restrict __fmt, ...))
 ^
rtcmix~.c:497:51: error: incompatible type for argument 1 of ‘sprintf’
         else if (0==strcmp(str,"rtcmix")) sprintf(x->editorpath, "python \"%s/%s\"", x->libfolder, "rtcmix_editor.py");
                                                   ^
In file included from /usr/include/features.h:364:0,
                 from /usr/include/stdint.h:25,
                 from /usr/lib/gcc/x86_64-linux-gnu/6/include/stdint.h:9,
                 from /usr/include/pd/m_pd.h:75,
                 from rtcmix~.c:1:
/usr/include/x86_64-linux-gnu/bits/stdio2.h:31:1: note: expected ‘char * restrict’ but argument is of type ‘t_symbol {aka struct _symbol}’
 __NTH (sprintf (char *__restrict __s, const char *__restrict __fmt, ...))
 ^
rtcmix~.c:498:22: error: incompatible type for argument 1 of ‘sprintf’
         else sprintf(x->editorpath, "\"%s\"", str);
                      ^
In file included from /usr/include/features.h:364:0,
                 from /usr/include/stdint.h:25,
                 from /usr/lib/gcc/x86_64-linux-gnu/6/include/stdint.h:9,
                 from /usr/include/pd/m_pd.h:75,
                 from rtcmix~.c:1:
/usr/include/x86_64-linux-gnu/bits/stdio2.h:31:1: note: expected ‘char * restrict’ but argument is of type ‘t_symbol {aka struct _symbol}’
 __NTH (sprintf (char *__restrict __s, const char *__restrict __fmt, ...))
 ^
rtcmix~.c: At top level:
rtcmix~.c:513:6: error: conflicting types for ‘rtcmix_read’
 void rtcmix_read(t_rtcmix_tilde *x, char *fullpath)
      ^~~~~~~~~~~
In file included from rtcmix~.c:3:0:
rtcmix~.h:176:6: note: previous declaration of ‘rtcmix_read’ was here
 void rtcmix_read(t_rtcmix_tilde *x, t_symbol fn);
      ^~~~~~~~~~~
rtcmix~.c: In function ‘rtcmix_read’:
rtcmix~.c:518:27: error: incompatible type for argument 1 of ‘ReadFile’
         buffer = ReadFile(fullpath);
                           ^~~~~~~~
In file included from rtcmix~.c:3:0:
rtcmix~.h:188:10: note: expected ‘t_symbol {aka struct _symbol}’ but argument is of type ‘char *’
 t_symbol ReadFile(t_symbol filename);
          ^~~~~~~~
rtcmix~.c:532:17: error: incompatible type for argument 1 of ‘sprintf’
         sprintf(x->rtcmix_script[x->current_script], "%s",buffer);
                 ^
In file included from /usr/include/features.h:364:0,
                 from /usr/include/stdint.h:25,
                 from /usr/lib/gcc/x86_64-linux-gnu/6/include/stdint.h:9,
                 from /usr/include/pd/m_pd.h:75,
                 from rtcmix~.c:1:
/usr/include/x86_64-linux-gnu/bits/stdio2.h:31:1: note: expected ‘char * restrict’ but argument is of type ‘t_symbol {aka struct _symbol}’
 __NTH (sprintf (char *__restrict __s, const char *__restrict __fmt, ...))
 ^
rtcmix~.c:533:17: error: incompatible type for argument 1 of ‘sprintf’
         sprintf(x->script_path[x->current_script], "%s", fullpath);
                 ^
In file included from /usr/include/features.h:364:0,
                 from /usr/include/stdint.h:25,
                 from /usr/lib/gcc/x86_64-linux-gnu/6/include/stdint.h:9,
                 from /usr/include/pd/m_pd.h:75,
                 from rtcmix~.c:1:
/usr/include/x86_64-linux-gnu/bits/stdio2.h:31:1: note: expected ‘char * restrict’ but argument is of type ‘t_symbol {aka struct _symbol}’
 __NTH (sprintf (char *__restrict __s, const char *__restrict __fmt, ...))
 ^
rtcmix~.c: At top level:
rtcmix~.c:541:6: error: conflicting types for ‘rtcmix_write’
 void rtcmix_write(t_rtcmix_tilde *x, char *filename)
      ^~~~~~~~~~~~
In file included from rtcmix~.c:3:0:
rtcmix~.h:177:6: note: previous declaration of ‘rtcmix_write’ was here
 void rtcmix_write(t_rtcmix_tilde *x, t_symbol fn);
      ^~~~~~~~~~~~
rtcmix~.c: In function ‘rtcmix_write’:
rtcmix~.c:545:33: warning: format ‘%s’ expects argument of type ‘char *’, but argument 3 has type ‘t_symbol {aka struct _symbol}’ [-Wformat=]
         sprintf(sys_cmd, "cp \"%s\" \"%s\"", x->script_path[x->current_script], filename);
                                 ^
rtcmix~.c:551:17: error: incompatible type for argument 1 of ‘sprintf’
         sprintf(x->script_path[x->current_script], "%s", filename);
                 ^
In file included from /usr/include/features.h:364:0,
                 from /usr/include/stdint.h:25,
                 from /usr/lib/gcc/x86_64-linux-gnu/6/include/stdint.h:9,
                 from /usr/include/pd/m_pd.h:75,
                 from rtcmix~.c:1:
/usr/include/x86_64-linux-gnu/bits/stdio2.h:31:1: note: expected ‘char * restrict’ but argument is of type ‘t_symbol {aka struct _symbol}’
 __NTH (sprintf (char *__restrict __s, const char *__restrict __fmt, ...))
 ^
rtcmix~.c: In function ‘null_the_pointers’:
rtcmix~.c:644:23: error: incompatible types when assigning to type ‘t_symbol {aka struct _symbol}’ from type ‘void *’
         x->tempfolder = NULL;
                       ^
rtcmix~.c:653:23: error: incompatible types when assigning to type ‘t_symbol {aka struct _symbol}’ from type ‘void *’
         x->editorpath = NULL;
                       ^
rtcmix~.c:654:23: error: incompatible types when assigning to type ‘t_symbol {aka struct _symbol}’ from type ‘void *’
         x->tempfolder = NULL;
                       ^
rtcmix~.c:655:18: error: incompatible types when assigning to type ‘t_symbol {aka struct _symbol}’ from type ‘void *’
         x->dylib = NULL;
                  ^
rtcmix~.c:656:22: error: incompatible types when assigning to type ‘t_symbol {aka struct _symbol}’ from type ‘void *’
         x->libfolder = NULL;
                      ^
rtcmix~.c: In function ‘dlopen_and_errorcheck’:
rtcmix~.c:683:34: error: incompatible type for argument 1 of ‘dlopen’
         x->RTcmix_dylib = dlopen(x->dylib, RTLD_NOW);
                                  ^
In file included from rtcmix~.c:10:0:
/usr/include/dlfcn.h:56:14: note: expected ‘const char *’ but argument is of type ‘t_symbol {aka struct _symbol}’
 extern void *dlopen (const char *__file, int __mode) __THROWNL;
              ^~~~~~
rtcmix~.c: In function ‘rtcmix_bufset’:
rtcmix~.c:744:50: error: incompatible type for argument 1 of ‘x->RTcmix_setInputBuffer’
                         x->RTcmix_setInputBuffer(s->s_name, (float*)vec, vecsize, chans, 0);
                                                  ^
rtcmix~.c:744:50: note: expected ‘t_symbol {aka struct _symbol}’ but argument is of type ‘char *’
rtcmix~.c: At top level:
rtcmix~.c:755:6: error: conflicting types for ‘sub_vars_and_parse’
 void sub_vars_and_parse (t_rtcmix_tilde *x, const char *script)
      ^~~~~~~~~~~~~~~~~~
In file included from rtcmix~.c:3:0:
rtcmix~.h:187:6: note: previous declaration of ‘sub_vars_and_parse’ was here
 void sub_vars_and_parse (t_rtcmix_tilde *x, const t_symbol script);
      ^~~~~~~~~~~~~~~~~~
rtcmix~.c: In function ‘sub_vars_and_parse’:
rtcmix~.c:782:63: error: incompatible type for argument 1 of ‘strlen’
                                 int num_insert_chars = strlen(x->var_array[varnum]);
                                                               ^
In file included from rtcmix~.c:5:0:
/usr/include/string.h:394:15: note: expected ‘const char *’ but argument is of type ‘t_symbol {aka struct _symbol}’
 extern size_t strlen (const char *__s)
               ^~~~~~
rtcmix~.c:785:90: error: subscripted value is neither array nor pointer nor vector
                                         script_out[outchar++] = (int)x->var_array[varnum][i];
                                                                                          ^
rtcmix~.c:792:30: error: incompatible type for argument 1 of ‘x->RTcmix_parseScore’
         x->RTcmix_parseScore(script_out, outchar);
                              ^~~~~~~~~~
rtcmix~.c:792:30: note: expected ‘t_symbol {aka struct _symbol}’ but argument is of type ‘char *’
rtcmix~.c: At top level:
rtcmix~.c:807:7: error: conflicting types for ‘ReadFile’
 char *ReadFile(char *filename)
       ^~~~~~~~
In file included from rtcmix~.c:3:0:
rtcmix~.h:188:10: note: previous declaration of ‘ReadFile’ was here
 t_symbol ReadFile(t_symbol filename);
          ^~~~~~~~
pd-lib-builder//Makefile.pdlibbuilder:861: recipe for target 'rtcmix~.o' failed
make: *** [rtcmix~.o] Error 1
